=== scenario 1: random even [16,1000] ===
crt            1 threads random even size [16,1000] 5000 loops 50000 allocs 5000 ops: .... 25756357 memory ops/CPU second (peak 38MiB)
crt            2 threads random even size [16,1000] 5000 loops 50000 allocs 5000 ops: ........ 17392637 memory ops/CPU second (peak 63MiB)
crt            4 threads random even size [16,1000] 5000 loops 50000 allocs 5000 ops: ................ 12314204 memory ops/CPU second (peak 104MiB)
crt            8 threads random even size [16,1000] 5000 loops 50000 allocs 5000 ops: ................................ 4758787 memory ops/CPU second (peak 181MiB)
crt           16 threads random even size [16,1000] 5000 loops 50000 allocs 5000 ops: ................................................................ 2574505 memory ops/CPU second (peak 353MiB)
jemalloc       1 threads random even size [16,1000] 5000 loops 50000 allocs 5000 ops: .... 76800381 memory ops/CPU second (peak 24MiB)
jemalloc       2 threads random even size [16,1000] 5000 loops 50000 allocs 5000 ops: ........ 68921180 memory ops/CPU second (peak 50MiB)
jemalloc       4 threads random even size [16,1000] 5000 loops 50000 allocs 5000 ops: ................ 64024686 memory ops/CPU second (peak 98MiB)
jemalloc       8 threads random even size [16,1000] 5000 loops 50000 allocs 5000 ops: ................................ 50311626 memory ops/CPU second (peak 199MiB)
jemalloc      16 threads random even size [16,1000] 5000 loops 50000 allocs 5000 ops: ................................................................ 32555530 memory ops/CPU second (peak 418MiB)
tcmalloc       1 threads random even size [16,1000] 5000 loops 50000 allocs 5000 ops: .... 209996635 memory ops/CPU second (peak 26MiB)
tcmalloc       2 threads random even size [16,1000] 5000 loops 50000 allocs 5000 ops: ........ 186079977 memory ops/CPU second (peak 50MiB)
tcmalloc       4 threads random even size [16,1000] 5000 loops 50000 allocs 5000 ops: ................ 153701219 memory ops/CPU second (peak 93MiB)
tcmalloc       8 threads random even size [16,1000] 5000 loops 50000 allocs 5000 ops: ................................ 116567407 memory ops/CPU second (peak 171MiB)
tcmalloc      16 threads random even size [16,1000] 5000 loops 50000 allocs 5000 ops: ................................................................ 49075335 memory ops/CPU second (peak 314MiB)
mimalloc       1 threads random even size [16,1000] 5000 loops 50000 allocs 5000 ops: .... 173289278 memory ops/CPU second (peak 24MiB)
mimalloc       2 threads random even size [16,1000] 5000 loops 50000 allocs 5000 ops: ........ 141673076 memory ops/CPU second (peak 60MiB)
mimalloc       4 threads random even size [16,1000] 5000 loops 50000 allocs 5000 ops: ................ 121305651 memory ops/CPU second (peak 117MiB)
mimalloc       8 threads random even size [16,1000] 5000 loops 50000 allocs 5000 ops: ................................ 73910846 memory ops/CPU second (peak 205MiB)
mimalloc      16 threads random even size [16,1000] 5000 loops 50000 allocs 5000 ops: ................................................................ 47079513 memory ops/CPU second (peak 400MiB)
snmalloc       1 threads random even size [16,1000] 5000 loops 50000 allocs 5000 ops: .... 130066719 memory ops/CPU second (peak 26MiB)
snmalloc       2 threads random even size [16,1000] 5000 loops 50000 allocs 5000 ops: ........ 114413774 memory ops/CPU second (peak 50MiB)
snmalloc       4 threads random even size [16,1000] 5000 loops 50000 allocs 5000 ops: ................ 100629278 memory ops/CPU second (peak 111MiB)
snmalloc       8 threads random even size [16,1000] 5000 loops 50000 allocs 5000 ops: ................................ 76411288 memory ops/CPU second (peak 224MiB)
snmalloc      16 threads random even size [16,1000] 5000 loops 50000 allocs 5000 ops: ................................................................ 48391331 memory ops/CPU second (peak 421MiB)
rpmalloc       1 threads random even size [16,1000] 5000 loops 50000 allocs 5000 ops: .... 130031763 memory ops/CPU second (peak 23MiB)
rpmalloc       2 threads random even size [16,1000] 5000 loops 50000 allocs 5000 ops: ........ 122192283 memory ops/CPU second (peak 54MiB)
rpmalloc       4 threads random even size [16,1000] 5000 loops 50000 allocs 5000 ops: ................ 107955203 memory ops/CPU second (peak 98MiB)
rpmalloc       8 threads random even size [16,1000] 5000 loops 50000 allocs 5000 ops: ................................ 78536237 memory ops/CPU second (peak 196MiB)
rpmalloc      16 threads random even size [16,1000] 5000 loops 50000 allocs 5000 ops: ................................................................ 55890759 memory ops/CPU second (peak 409MiB)
qen            1 threads random even size [16,1000] 5000 loops 50000 allocs 5000 ops: .... 125409331 memory ops/CPU second (peak 31MiB)
qen            2 threads random even size [16,1000] 5000 loops 50000 allocs 5000 ops: ........ 104143996 memory ops/CPU second (peak 55MiB)
qen            4 threads random even size [16,1000] 5000 loops 50000 allocs 5000 ops: ................ 86595103 memory ops/CPU second (peak 102MiB)
qen            8 threads random even size [16,1000] 5000 loops 50000 allocs 5000 ops: ................................ 62430341 memory ops/CPU second (peak 196MiB)
qen           16 threads random even size [16,1000] 5000 loops 50000 allocs 5000 ops: ................................................................ 33882730 memory ops/CPU second (peak 377MiB)
=== scenario 2: random linear [16,8000] ===
crt            1 threads random linear size [16,8000] 5000 loops 50000 allocs 5000 ops: .... 26885430 memory ops/CPU second (peak 125MiB)
crt            2 threads random linear size [16,8000] 5000 loops 50000 allocs 5000 ops: ........ 20641221 memory ops/CPU second (peak 235MiB)
crt            4 threads random linear size [16,8000] 5000 loops 50000 allocs 5000 ops: ................ 17086593 memory ops/CPU second (peak 342MiB)
crt            8 threads random linear size [16,8000] 5000 loops 50000 allocs 5000 ops: ................................ 8752442 memory ops/CPU second (peak 543MiB)
crt           16 threads random linear size [16,8000] 5000 loops 50000 allocs 5000 ops: ................................................................ 3827918 memory ops/CPU second (peak 1067MiB)
jemalloc       1 threads random linear size [16,8000] 5000 loops 50000 allocs 5000 ops: .... 58077085 memory ops/CPU second (peak 65MiB)
jemalloc       2 threads random linear size [16,8000] 5000 loops 50000 allocs 5000 ops: ........ 51138886 memory ops/CPU second (peak 126MiB)
jemalloc       4 threads random linear size [16,8000] 5000 loops 50000 allocs 5000 ops: ................ 47583418 memory ops/CPU second (peak 255MiB)
jemalloc       8 threads random linear size [16,8000] 5000 loops 50000 allocs 5000 ops: ................................ 36888023 memory ops/CPU second (peak 516MiB)
jemalloc      16 threads random linear size [16,8000] 5000 loops 50000 allocs 5000 ops: ................................................................ 25984723 memory ops/CPU second (peak 1075MiB)
tcmalloc       1 threads random linear size [16,8000] 5000 loops 50000 allocs 5000 ops: .... 137328307 memory ops/CPU second (peak 64MiB)
tcmalloc       2 threads random linear size [16,8000] 5000 loops 50000 allocs 5000 ops: ........ 127707223 memory ops/CPU second (peak 123MiB)
tcmalloc       4 threads random linear size [16,8000] 5000 loops 50000 allocs 5000 ops: ................ 106660819 memory ops/CPU second (peak 234MiB)
tcmalloc       8 threads random linear size [16,8000] 5000 loops 50000 allocs 5000 ops: ................................ 52308314 memory ops/CPU second (peak 446MiB)
tcmalloc      16 threads random linear size [16,8000] 5000 loops 50000 allocs 5000 ops: ................................................................ 19456043 memory ops/CPU second (peak 839MiB)
mimalloc       1 threads random linear size [16,8000] 5000 loops 50000 allocs 5000 ops: .... 82304555 memory ops/CPU second (peak 90MiB)
mimalloc       2 threads random linear size [16,8000] 5000 loops 50000 allocs 5000 ops: ........ 70624233 memory ops/CPU second (peak 160MiB)
mimalloc       4 threads random linear size [16,8000] 5000 loops 50000 allocs 5000 ops: ................ 62111357 memory ops/CPU second (peak 288MiB)
mimalloc       8 threads random linear size [16,8000] 5000 loops 50000 allocs 5000 ops: ................................ 38616609 memory ops/CPU second (peak 545MiB)
mimalloc      16 threads random linear size [16,8000] 5000 loops 50000 allocs 5000 ops: ................................................................ 25233285 memory ops/CPU second (peak 1026MiB)
snmalloc       1 threads random linear size [16,8000] 5000 loops 50000 allocs 5000 ops: .... 70173603 memory ops/CPU second (peak 63MiB)
snmalloc       2 threads random linear size [16,8000] 5000 loops 50000 allocs 5000 ops: ........ 64012775 memory ops/CPU second (peak 143MiB)
snmalloc       4 threads random linear size [16,8000] 5000 loops 50000 allocs 5000 ops: ................ 54103373 memory ops/CPU second (peak 259MiB)
snmalloc       8 threads random linear size [16,8000] 5000 loops 50000 allocs 5000 ops: ................................ 44365768 memory ops/CPU second (peak 528MiB)
snmalloc      16 threads random linear size [16,8000] 5000 loops 50000 allocs 5000 ops: ................................................................ 32646034 memory ops/CPU second (peak 1073MiB)
rpmalloc       1 threads random linear size [16,8000] 5000 loops 50000 allocs 5000 ops: .... 77950789 memory ops/CPU second (peak 62MiB)
rpmalloc       2 threads random linear size [16,8000] 5000 loops 50000 allocs 5000 ops: ........ 76418461 memory ops/CPU second (peak 127MiB)
rpmalloc       4 threads random linear size [16,8000] 5000 loops 50000 allocs 5000 ops: ................ 67065684 memory ops/CPU second (peak 252MiB)
rpmalloc       8 threads random linear size [16,8000] 5000 loops 50000 allocs 5000 ops: ................................ 53808051 memory ops/CPU second (peak 507MiB)
rpmalloc      16 threads random linear size [16,8000] 5000 loops 50000 allocs 5000 ops: ................................................................ 39812999 memory ops/CPU second (peak 1038MiB)
qen            1 threads random linear size [16,8000] 5000 loops 50000 allocs 5000 ops: .... 108528462 memory ops/CPU second (peak 66MiB)
qen            2 threads random linear size [16,8000] 5000 loops 50000 allocs 5000 ops: ........ 85258050 memory ops/CPU second (peak 126MiB)
qen            4 threads random linear size [16,8000] 5000 loops 50000 allocs 5000 ops: ................ 74434181 memory ops/CPU second (peak 241MiB)
qen            8 threads random linear size [16,8000] 5000 loops 50000 allocs 5000 ops: ................................ 49655286 memory ops/CPU second (peak 455MiB)
qen           16 threads random linear size [16,8000] 5000 loops 50000 allocs 5000 ops: ................................................................ 30184638 memory ops/CPU second (peak 889MiB)
=== scenario 3: random linear [16,16000] ===
crt            1 threads random linear size [16,16000] 2500 loops 50000 allocs 5000 ops: .... 21898683 memory ops/CPU second (peak 193MiB)
crt            2 threads random linear size [16,16000] 2500 loops 50000 allocs 5000 ops: ........ 16323173 memory ops/CPU second (peak 367MiB)
crt            4 threads random linear size [16,16000] 2500 loops 50000 allocs 5000 ops: ................ 13797595 memory ops/CPU second (peak 600MiB)
crt            8 threads random linear size [16,16000] 2500 loops 50000 allocs 5000 ops: ................................ 8882249 memory ops/CPU second (peak 995MiB)
crt           16 threads random linear size [16,16000] 2500 loops 50000 allocs 5000 ops: ................................................................ 3001516 memory ops/CPU second (peak 1892MiB)
jemalloc       1 threads random linear size [16,16000] 2500 loops 50000 allocs 5000 ops: .... 39146371 memory ops/CPU second (peak 119MiB)
jemalloc       2 threads random linear size [16,16000] 2500 loops 50000 allocs 5000 ops: ........ 36067037 memory ops/CPU second (peak 243MiB)
jemalloc       4 threads random linear size [16,16000] 2500 loops 50000 allocs 5000 ops: ................ 33763053 memory ops/CPU second (peak 505MiB)
jemalloc       8 threads random linear size [16,16000] 2500 loops 50000 allocs 5000 ops: ................................ 26863374 memory ops/CPU second (peak 1006MiB)
jemalloc      16 threads random linear size [16,16000] 2500 loops 50000 allocs 5000 ops: ................................................................ 19195396 memory ops/CPU second (peak 2045MiB)
tcmalloc       1 threads random linear size [16,16000] 2500 loops 50000 allocs 5000 ops: .... 107710422 memory ops/CPU second (peak 120MiB)
tcmalloc       2 threads random linear size [16,16000] 2500 loops 50000 allocs 5000 ops: ........ 103696203 memory ops/CPU second (peak 237MiB)
tcmalloc       4 threads random linear size [16,16000] 2500 loops 50000 allocs 5000 ops: ................ 66576479 memory ops/CPU second (peak 465MiB)
tcmalloc       8 threads random linear size [16,16000] 2500 loops 50000 allocs 5000 ops: ................................ 28780160 memory ops/CPU second (peak 863MiB)
tcmalloc      16 threads random linear size [16,16000] 2500 loops 50000 allocs 5000 ops: ................................................................ 11377453 memory ops/CPU second (peak 1680MiB)
mimalloc       1 threads random linear size [16,16000] 2500 loops 50000 allocs 5000 ops: .... 59307917 memory ops/CPU second (peak 152MiB)
mimalloc       2 threads random linear size [16,16000] 2500 loops 50000 allocs 5000 ops: ........ 49621093 memory ops/CPU second (peak 256MiB)
mimalloc       4 threads random linear size [16,16000] 2500 loops 50000 allocs 5000 ops: ................ 42359513 memory ops/CPU second (peak 545MiB)
mimalloc       8 threads random linear size [16,16000] 2500 loops 50000 allocs 5000 ops: ................................ 25860634 memory ops/CPU second (peak 1025MiB)
mimalloc      16 threads random linear size [16,16000] 2500 loops 50000 allocs 5000 ops: ................................................................ 15412590 memory ops/CPU second (peak 1922MiB)
snmalloc       1 threads random linear size [16,16000] 2500 loops 50000 allocs 5000 ops: .... 51893628 memory ops/CPU second (peak 127MiB)
snmalloc       2 threads random linear size [16,16000] 2500 loops 50000 allocs 5000 ops: ........ 47656411 memory ops/CPU second (peak 255MiB)
snmalloc       4 threads random linear size [16,16000] 2500 loops 50000 allocs 5000 ops: ................ 39777864 memory ops/CPU second (peak 512MiB)
snmalloc       8 threads random linear size [16,16000] 2500 loops 50000 allocs 5000 ops: ................................ 33344171 memory ops/CPU second (peak 1024MiB)
snmalloc      16 threads random linear size [16,16000] 2500 loops 50000 allocs 5000 ops: ................................................................ 24350740 memory ops/CPU second (peak 2322MiB)
rpmalloc       1 threads random linear size [16,16000] 2500 loops 50000 allocs 5000 ops: .... 70920913 memory ops/CPU second (peak 120MiB)
rpmalloc       2 threads random linear size [16,16000] 2500 loops 50000 allocs 5000 ops: ........ 66648871 memory ops/CPU second (peak 244MiB)
rpmalloc       4 threads random linear size [16,16000] 2500 loops 50000 allocs 5000 ops: ................ 57980732 memory ops/CPU second (peak 488MiB)
rpmalloc       8 threads random linear size [16,16000] 2500 loops 50000 allocs 5000 ops: ................................ 46910433 memory ops/CPU second (peak 984MiB)
rpmalloc      16 threads random linear size [16,16000] 2500 loops 50000 allocs 5000 ops: ................................................................ 33361890 memory ops/CPU second (peak 2044MiB)
qen            1 threads random linear size [16,16000] 2500 loops 50000 allocs 5000 ops: .... 75404594 memory ops/CPU second (peak 121MiB)
qen            2 threads random linear size [16,16000] 2500 loops 50000 allocs 5000 ops: ........ 64962571 memory ops/CPU second (peak 235MiB)
qen            4 threads random linear size [16,16000] 2500 loops 50000 allocs 5000 ops: ................ 54698401 memory ops/CPU second (peak 453MiB)
qen            8 threads random linear size [16,16000] 2500 loops 50000 allocs 5000 ops: ................................ 38425960 memory ops/CPU second (peak 873MiB)
qen           16 threads random linear size [16,16000] 2500 loops 50000 allocs 5000 ops: ................................................................ 24141296 memory ops/CPU second (peak 1706MiB)
=== scenario 4: random exp [128,64000] ===
crt            1 threads random exp size [128,64000] 2500 loops 30000 allocs 3000 ops: .... 16754211 memory ops/CPU second (peak 533MiB)
crt            2 threads random exp size [128,64000] 2500 loops 30000 allocs 3000 ops: ........ 12377574 memory ops/CPU second (peak 1032MiB)
crt            4 threads random exp size [128,64000] 2500 loops 30000 allocs 3000 ops: ................ 10165050 memory ops/CPU second (peak 1368MiB)
crt            8 threads random exp size [128,64000] 2500 loops 30000 allocs 3000 ops: ................................ 5305952 memory ops/CPU second (peak 2289MiB)
crt           16 threads random exp size [128,64000] 2500 loops 30000 allocs 3000 ops: ................................................................ 2525190 memory ops/CPU second (peak 4000MiB)
jemalloc       1 threads random exp size [128,64000] 2500 loops 30000 allocs 3000 ops: .... 25266704 memory ops/CPU second (peak 213MiB)
jemalloc       2 threads random exp size [128,64000] 2500 loops 30000 allocs 3000 ops: ........ 23468843 memory ops/CPU second (peak 480MiB)
jemalloc       4 threads random exp size [128,64000] 2500 loops 30000 allocs 3000 ops: ................ 21404386 memory ops/CPU second (peak 1001MiB)
jemalloc       8 threads random exp size [128,64000] 2500 loops 30000 allocs 3000 ops: ................................ 17763336 memory ops/CPU second (peak 2024MiB)
jemalloc      16 threads random exp size [128,64000] 2500 loops 30000 allocs 3000 ops: ................................................................ 12554721 memory ops/CPU second (peak 4109MiB)
tcmalloc       1 threads random exp size [128,64000] 2500 loops 30000 allocs 3000 ops: .... 102005922 memory ops/CPU second (peak 199MiB)
tcmalloc       2 threads random exp size [128,64000] 2500 loops 30000 allocs 3000 ops: ........ 63819314 memory ops/CPU second (peak 409MiB)
tcmalloc       4 threads random exp size [128,64000] 2500 loops 30000 allocs 3000 ops: ................ 31254384 memory ops/CPU second (peak 778MiB)
tcmalloc       8 threads random exp size [128,64000] 2500 loops 30000 allocs 3000 ops: ................................ 13874947 memory ops/CPU second (peak 1459MiB)
tcmalloc      16 threads random exp size [128,64000] 2500 loops 30000 allocs 3000 ops: ................................................................ 5630283 memory ops/CPU second (peak 2855MiB)
mimalloc       1 threads random exp size [128,64000] 2500 loops 30000 allocs 3000 ops: .... 47241556 memory ops/CPU second (peak 254MiB)
mimalloc       2 threads random exp size [128,64000] 2500 loops 30000 allocs 3000 ops: ........ 41977378 memory ops/CPU second (peak 448MiB)
mimalloc       4 threads random exp size [128,64000] 2500 loops 30000 allocs 3000 ops: ................ 34169568 memory ops/CPU second (peak 865MiB)
mimalloc       8 threads random exp size [128,64000] 2500 loops 30000 allocs 3000 ops: ................................ 21278197 memory ops/CPU second (peak 1697MiB)
mimalloc      16 threads random exp size [128,64000] 2500 loops 30000 allocs 3000 ops: ................................................................ 12782879 memory ops/CPU second (peak 3263MiB)
snmalloc       1 threads random exp size [128,64000] 2500 loops 30000 allocs 3000 ops: .... 43457534 memory ops/CPU second (peak 207MiB)
snmalloc       2 threads random exp size [128,64000] 2500 loops 30000 allocs 3000 ops: ........ 37178672 memory ops/CPU second (peak 431MiB)
snmalloc       4 threads random exp size [128,64000] 2500 loops 30000 allocs 3000 ops: ................ 29703969 memory ops/CPU second (peak 864MiB)
snmalloc       8 threads random exp size [128,64000] 2500 loops 30000 allocs 3000 ops: ................................ 25100765 memory ops/CPU second (peak 1713MiB)
snmalloc      16 threads random exp size [128,64000] 2500 loops 30000 allocs 3000 ops: ................................................................ 17728719 memory ops/CPU second (peak 3424MiB)
rpmalloc       1 threads random exp size [128,64000] 2500 loops 30000 allocs 3000 ops: .... 55773665 memory ops/CPU second (peak 205MiB)
rpmalloc       2 threads random exp size [128,64000] 2500 loops 30000 allocs 3000 ops: ........ 58077547 memory ops/CPU second (peak 437MiB)
rpmalloc       4 threads random exp size [128,64000] 2500 loops 30000 allocs 3000 ops: ................ 49324651 memory ops/CPU second (peak 887MiB)
rpmalloc       8 threads random exp size [128,64000] 2500 loops 30000 allocs 3000 ops: ................................ 38679167 memory ops/CPU second (peak 1765MiB)
rpmalloc      16 threads random exp size [128,64000] 2500 loops 30000 allocs 3000 ops: ................................................................ 24862791 memory ops/CPU second (peak 3665MiB)
qen            1 threads random exp size [128,64000] 2500 loops 30000 allocs 3000 ops: .... 54926407 memory ops/CPU second (peak 195MiB)
qen            2 threads random exp size [128,64000] 2500 loops 30000 allocs 3000 ops: ........ 47517504 memory ops/CPU second (peak 399MiB)
qen            4 threads random exp size [128,64000] 2500 loops 30000 allocs 3000 ops: ................ 42217819 memory ops/CPU second (peak 756MiB)
qen            8 threads random exp size [128,64000] 2500 loops 30000 allocs 3000 ops: ................................ 28832749 memory ops/CPU second (peak 1480MiB)
qen           16 threads random exp size [128,64000] 2500 loops 30000 allocs 3000 ops: ................................................................ 17289915 memory ops/CPU second (peak 2887MiB)
=== scenario 5: random exp [512,160000] ===
crt            1 threads random exp size [512,160000] 2500 loops 20000 allocs 2000 ops: .... 12963518 memory ops/CPU second (peak 1265MiB)
crt            2 threads random exp size [512,160000] 2500 loops 20000 allocs 2000 ops: ........ 9341131 memory ops/CPU second (peak 1950MiB)
crt            4 threads random exp size [512,160000] 2500 loops 20000 allocs 2000 ops: ................ 6390209 memory ops/CPU second (peak 3200MiB)
crt            8 threads random exp size [512,160000] 2500 loops 20000 allocs 2000 ops: ................................ 2974961 memory ops/CPU second (peak 4518MiB)
crt           16 threads random exp size [512,160000] 2500 loops 20000 allocs 2000 ops: ................................................................ 2130800 memory ops/CPU second (peak 7022MiB)
jemalloc       1 threads random exp size [512,160000] 2500 loops 20000 allocs 2000 ops: .... 15231509 memory ops/CPU second (peak 364MiB)
jemalloc       2 threads random exp size [512,160000] 2500 loops 20000 allocs 2000 ops: ........ 14278738 memory ops/CPU second (peak 871MiB)
jemalloc       4 threads random exp size [512,160000] 2500 loops 20000 allocs 2000 ops: ................ 13342606 memory ops/CPU second (peak 1790MiB)
jemalloc       8 threads random exp size [512,160000] 2500 loops 20000 allocs 2000 ops: ................................ 10005617 memory ops/CPU second (peak 3587MiB)
jemalloc      16 threads random exp size [512,160000] 2500 loops 20000 allocs 2000 ops: ................................................................ 6186734 memory ops/CPU second (peak 7253MiB)
tcmalloc       1 threads random exp size [512,160000] 2500 loops 20000 allocs 2000 ops: .... 66142028 memory ops/CPU second (peak 329MiB)
tcmalloc       2 threads random exp size [512,160000] 2500 loops 20000 allocs 2000 ops: ........ 29753688 memory ops/CPU second (peak 720MiB)
tcmalloc       4 threads random exp size [512,160000] 2500 loops 20000 allocs 2000 ops: ................ 13684220 memory ops/CPU second (peak 1320MiB)
tcmalloc       8 threads random exp size [512,160000] 2500 loops 20000 allocs 2000 ops: ................................ 6167280 memory ops/CPU second (peak 2448MiB)
tcmalloc      16 threads random exp size [512,160000] 2500 loops 20000 allocs 2000 ops: ................................................................ 2516947 memory ops/CPU second (peak 4752MiB)
mimalloc       1 threads random exp size [512,160000] 2500 loops 20000 allocs 2000 ops: .... 36481890 memory ops/CPU second (peak 384MiB)
mimalloc       2 threads random exp size [512,160000] 2500 loops 20000 allocs 2000 ops: ........ 29600076 memory ops/CPU second (peak 769MiB)
mimalloc       4 threads random exp size [512,160000] 2500 loops 20000 allocs 2000 ops: ................ 20406553 memory ops/CPU second (peak 1440MiB)
mimalloc       8 threads random exp size [512,160000] 2500 loops 20000 allocs 2000 ops: ................................ 13952521 memory ops/CPU second (peak 2689MiB)
mimalloc      16 threads random exp size [512,160000] 2500 loops 20000 allocs 2000 ops: ................................................................ 9308580 memory ops/CPU second (peak 5309MiB)
snmalloc       1 threads random exp size [512,160000] 2500 loops 20000 allocs 2000 ops: .... 20696931 memory ops/CPU second (peak 383MiB)
snmalloc       2 threads random exp size [512,160000] 2500 loops 20000 allocs 2000 ops: ........ 17083641 memory ops/CPU second (peak 784MiB)
snmalloc       4 threads random exp size [512,160000] 2500 loops 20000 allocs 2000 ops: ................ 14013600 memory ops/CPU second (peak 1553MiB)
snmalloc       8 threads random exp size [512,160000] 2500 loops 20000 allocs 2000 ops: ................................ 11801046 memory ops/CPU second (peak 3091MiB)
snmalloc      16 threads random exp size [512,160000] 2500 loops 20000 allocs 2000 ops: ................................................................ 8667661 memory ops/CPU second (peak 6278MiB)
rpmalloc       1 threads random exp size [512,160000] 2500 loops 20000 allocs 2000 ops: .... 38436472 memory ops/CPU second (peak 344MiB)
rpmalloc       2 threads random exp size [512,160000] 2500 loops 20000 allocs 2000 ops: ........ 41326859 memory ops/CPU second (peak 733MiB)
rpmalloc       4 threads random exp size [512,160000] 2500 loops 20000 allocs 2000 ops: ................ 31974746 memory ops/CPU second (peak 1503MiB)
rpmalloc       8 threads random exp size [512,160000] 2500 loops 20000 allocs 2000 ops: ................................ 21217448 memory ops/CPU second (peak 3096MiB)
rpmalloc      16 threads random exp size [512,160000] 2500 loops 20000 allocs 2000 ops: ................................................................ 11199237 memory ops/CPU second (peak 6188MiB)
qen            1 threads random exp size [512,160000] 2500 loops 20000 allocs 2000 ops: .... 41093036 memory ops/CPU second (peak 321MiB)
qen            2 threads random exp size [512,160000] 2500 loops 20000 allocs 2000 ops: ........ 33711535 memory ops/CPU second (peak 655MiB)
qen            4 threads random exp size [512,160000] 2500 loops 20000 allocs 2000 ops: ................ 22486146 memory ops/CPU second (peak 1260MiB)
qen            8 threads random exp size [512,160000] 2500 loops 20000 allocs 2000 ops: ................................ 14592592 memory ops/CPU second (peak 2456MiB)
qen           16 threads random exp size [512,160000] 2500 loops 20000 allocs 2000 ops: ................................................................ 9358016 memory ops/CPU second (peak 5477MiB)
=== all scenarios complete ===
