=== scenario 1: random even [16,1000] ===
crt            1 threads random even size [16,1000] 5000 loops 50000 allocs 5000 ops: .... 19478608 memory ops/CPU second (peak 40MiB)
crt            2 threads random even size [16,1000] 5000 loops 50000 allocs 5000 ops: ........ 14872271 memory ops/CPU second (peak 64MiB)
crt            4 threads random even size [16,1000] 5000 loops 50000 allocs 5000 ops: ................ 11708444 memory ops/CPU second (peak 104MiB)
crt            8 threads random even size [16,1000] 5000 loops 50000 allocs 5000 ops: ................................ 4131123 memory ops/CPU second (peak 185MiB)
crt           16 threads random even size [16,1000] 5000 loops 50000 allocs 5000 ops: ................................................................ 2267641 memory ops/CPU second (peak 354MiB)
jemalloc       1 threads random even size [16,1000] 5000 loops 50000 allocs 5000 ops: .... 78294257 memory ops/CPU second (peak 24MiB)
jemalloc       2 threads random even size [16,1000] 5000 loops 50000 allocs 5000 ops: ........ 67064344 memory ops/CPU second (peak 53MiB)
jemalloc       4 threads random even size [16,1000] 5000 loops 50000 allocs 5000 ops: ................ 59691527 memory ops/CPU second (peak 98MiB)
jemalloc       8 threads random even size [16,1000] 5000 loops 50000 allocs 5000 ops: ................................ 47548313 memory ops/CPU second (peak 196MiB)
jemalloc      16 threads random even size [16,1000] 5000 loops 50000 allocs 5000 ops: ................................................................ 28001188 memory ops/CPU second (peak 494MiB)
tcmalloc       1 threads random even size [16,1000] 5000 loops 50000 allocs 5000 ops: .... 235761113 memory ops/CPU second (peak 26MiB)
tcmalloc       2 threads random even size [16,1000] 5000 loops 50000 allocs 5000 ops: ........ 178042360 memory ops/CPU second (peak 66MiB)
tcmalloc       4 threads random even size [16,1000] 5000 loops 50000 allocs 5000 ops: ................ 151747597 memory ops/CPU second (peak 93MiB)
tcmalloc       8 threads random even size [16,1000] 5000 loops 50000 allocs 5000 ops: ................................ 116033187 memory ops/CPU second (peak 171MiB)
tcmalloc      16 threads random even size [16,1000] 5000 loops 50000 allocs 5000 ops: ................................................................ 45617804 memory ops/CPU second (peak 356MiB)
mimalloc       1 threads random even size [16,1000] 5000 loops 50000 allocs 5000 ops: .... 176363436 memory ops/CPU second (peak 24MiB)
mimalloc       2 threads random even size [16,1000] 5000 loops 50000 allocs 5000 ops: ........ 145712936 memory ops/CPU second (peak 60MiB)
mimalloc       4 threads random even size [16,1000] 5000 loops 50000 allocs 5000 ops: ................ 108825150 memory ops/CPU second (peak 121MiB)
mimalloc       8 threads random even size [16,1000] 5000 loops 50000 allocs 5000 ops: ................................ 71319300 memory ops/CPU second (peak 202MiB)
mimalloc      16 threads random even size [16,1000] 5000 loops 50000 allocs 5000 ops: ................................................................ 41593079 memory ops/CPU second (peak 432MiB)
snmalloc       1 threads random even size [16,1000] 5000 loops 50000 allocs 5000 ops: .... 134677831 memory ops/CPU second (peak 26MiB)
snmalloc       2 threads random even size [16,1000] 5000 loops 50000 allocs 5000 ops: ........ 118830122 memory ops/CPU second (peak 83MiB)
snmalloc       4 threads random even size [16,1000] 5000 loops 50000 allocs 5000 ops: ................ 103820048 memory ops/CPU second (peak 108MiB)
snmalloc       8 threads random even size [16,1000] 5000 loops 50000 allocs 5000 ops: ................................ 74104875 memory ops/CPU second (peak 208MiB)
snmalloc      16 threads random even size [16,1000] 5000 loops 50000 allocs 5000 ops: ................................................................ 46193522 memory ops/CPU second (peak 507MiB)
rpmalloc       1 threads random even size [16,1000] 5000 loops 50000 allocs 5000 ops: .... 138623774 memory ops/CPU second (peak 23MiB)
rpmalloc       2 threads random even size [16,1000] 5000 loops 50000 allocs 5000 ops: ........ 126348410 memory ops/CPU second (peak 46MiB)
rpmalloc       4 threads random even size [16,1000] 5000 loops 50000 allocs 5000 ops: ................ 106843521 memory ops/CPU second (peak 95MiB)
rpmalloc       8 threads random even size [16,1000] 5000 loops 50000 allocs 5000 ops: ................................ 78610795 memory ops/CPU second (peak 185MiB)
rpmalloc      16 threads random even size [16,1000] 5000 loops 50000 allocs 5000 ops: ................................................................ 51898510 memory ops/CPU second (peak 400MiB)
qen            1 threads random even size [16,1000] 5000 loops 50000 allocs 5000 ops: .... 89253463 memory ops/CPU second (peak 22MiB)
qen            2 threads random even size [16,1000] 5000 loops 50000 allocs 5000 ops: ........ 68935682 memory ops/CPU second (peak 45MiB)
qen            4 threads random even size [16,1000] 5000 loops 50000 allocs 5000 ops: ................ 48484051 memory ops/CPU second (peak 88MiB)
qen            8 threads random even size [16,1000] 5000 loops 50000 allocs 5000 ops: ................................ 20948578 memory ops/CPU second (peak 167MiB)
qen           16 threads random even size [16,1000] 5000 loops 50000 allocs 5000 ops: ................................................................ 8450856 memory ops/CPU second (peak 333MiB)
=== scenario 2: random linear [16,8000] ===
crt            1 threads random linear size [16,8000] 5000 loops 50000 allocs 5000 ops: .... 27161390 memory ops/CPU second (peak 179MiB)
crt            2 threads random linear size [16,8000] 5000 loops 50000 allocs 5000 ops: ........ 20731472 memory ops/CPU second (peak 250MiB)
crt            4 threads random linear size [16,8000] 5000 loops 50000 allocs 5000 ops: ................ 15498371 memory ops/CPU second (peak 358MiB)
crt            8 threads random linear size [16,8000] 5000 loops 50000 allocs 5000 ops: ................................ 7829239 memory ops/CPU second (peak 574MiB)
crt           16 threads random linear size [16,8000] 5000 loops 50000 allocs 5000 ops: ................................................................ 3536800 memory ops/CPU second (peak 1044MiB)
jemalloc       1 threads random linear size [16,8000] 5000 loops 50000 allocs 5000 ops: .... 59967561 memory ops/CPU second (peak 65MiB)
jemalloc       2 threads random linear size [16,8000] 5000 loops 50000 allocs 5000 ops: ........ 52903717 memory ops/CPU second (peak 126MiB)
jemalloc       4 threads random linear size [16,8000] 5000 loops 50000 allocs 5000 ops: ................ 48110098 memory ops/CPU second (peak 257MiB)
jemalloc       8 threads random linear size [16,8000] 5000 loops 50000 allocs 5000 ops: ................................ 36830717 memory ops/CPU second (peak 514MiB)
jemalloc      16 threads random linear size [16,8000] 5000 loops 50000 allocs 5000 ops: ................................................................ 24750419 memory ops/CPU second (peak 1090MiB)
tcmalloc       1 threads random linear size [16,8000] 5000 loops 50000 allocs 5000 ops: .... 153697113 memory ops/CPU second (peak 64MiB)
tcmalloc       2 threads random linear size [16,8000] 5000 loops 50000 allocs 5000 ops: ........ 137822674 memory ops/CPU second (peak 123MiB)
tcmalloc       4 threads random linear size [16,8000] 5000 loops 50000 allocs 5000 ops: ................ 111812712 memory ops/CPU second (peak 233MiB)
tcmalloc       8 threads random linear size [16,8000] 5000 loops 50000 allocs 5000 ops: ................................ 54261382 memory ops/CPU second (peak 440MiB)
tcmalloc      16 threads random linear size [16,8000] 5000 loops 50000 allocs 5000 ops: ................................................................ 19349644 memory ops/CPU second (peak 849MiB)
mimalloc       1 threads random linear size [16,8000] 5000 loops 50000 allocs 5000 ops: .... 87909270 memory ops/CPU second (peak 90MiB)
mimalloc       2 threads random linear size [16,8000] 5000 loops 50000 allocs 5000 ops: ........ 74942315 memory ops/CPU second (peak 160MiB)
mimalloc       4 threads random linear size [16,8000] 5000 loops 50000 allocs 5000 ops: ................ 62183468 memory ops/CPU second (peak 256MiB)
mimalloc       8 threads random linear size [16,8000] 5000 loops 50000 allocs 5000 ops: ................................ 38590637 memory ops/CPU second (peak 545MiB)
mimalloc      16 threads random linear size [16,8000] 5000 loops 50000 allocs 5000 ops: ................................................................ 24261597 memory ops/CPU second (peak 1051MiB)
snmalloc       1 threads random linear size [16,8000] 5000 loops 50000 allocs 5000 ops: .... 74078729 memory ops/CPU second (peak 63MiB)
snmalloc       2 threads random linear size [16,8000] 5000 loops 50000 allocs 5000 ops: ........ 65854729 memory ops/CPU second (peak 143MiB)
snmalloc       4 threads random linear size [16,8000] 5000 loops 50000 allocs 5000 ops: ................ 54723227 memory ops/CPU second (peak 261MiB)
snmalloc       8 threads random linear size [16,8000] 5000 loops 50000 allocs 5000 ops: ................................ 46241622 memory ops/CPU second (peak 528MiB)
snmalloc      16 threads random linear size [16,8000] 5000 loops 50000 allocs 5000 ops: ................................................................ 31115845 memory ops/CPU second (peak 1274MiB)
rpmalloc       1 threads random linear size [16,8000] 5000 loops 50000 allocs 5000 ops: .... 83319816 memory ops/CPU second (peak 62MiB)
rpmalloc       2 threads random linear size [16,8000] 5000 loops 50000 allocs 5000 ops: ........ 78217362 memory ops/CPU second (peak 135MiB)
rpmalloc       4 threads random linear size [16,8000] 5000 loops 50000 allocs 5000 ops: ................ 68117310 memory ops/CPU second (peak 266MiB)
rpmalloc       8 threads random linear size [16,8000] 5000 loops 50000 allocs 5000 ops: ................................ 54419118 memory ops/CPU second (peak 507MiB)
rpmalloc      16 threads random linear size [16,8000] 5000 loops 50000 allocs 5000 ops: ................................................................ 37565971 memory ops/CPU second (peak 1204MiB)
qen            1 threads random linear size [16,8000] 5000 loops 50000 allocs 5000 ops: .... 74766662 memory ops/CPU second (peak 58MiB)
qen            2 threads random linear size [16,8000] 5000 loops 50000 allocs 5000 ops: ........ 61089035 memory ops/CPU second (peak 118MiB)
qen            4 threads random linear size [16,8000] 5000 loops 50000 allocs 5000 ops: ................ 48198771 memory ops/CPU second (peak 227MiB)
qen            8 threads random linear size [16,8000] 5000 loops 50000 allocs 5000 ops: ................................ 23213789 memory ops/CPU second (peak 432MiB)
qen           16 threads random linear size [16,8000] 5000 loops 50000 allocs 5000 ops: ................................................................ 10862548 memory ops/CPU second (peak 850MiB)
=== scenario 3: random linear [16,16000] ===
crt            1 threads random linear size [16,16000] 2500 loops 50000 allocs 5000 ops: .... 20432469 memory ops/CPU second (peak 185MiB)
crt            2 threads random linear size [16,16000] 2500 loops 50000 allocs 5000 ops: ........ 15458096 memory ops/CPU second (peak 330MiB)
crt            4 threads random linear size [16,16000] 2500 loops 50000 allocs 5000 ops: ................ 12635143 memory ops/CPU second (peak 546MiB)
crt            8 threads random linear size [16,16000] 2500 loops 50000 allocs 5000 ops: ................................ 6538397 memory ops/CPU second (peak 1012MiB)
crt           16 threads random linear size [16,16000] 2500 loops 50000 allocs 5000 ops: ................................................................ 2704267 memory ops/CPU second (peak 1932MiB)
jemalloc       1 threads random linear size [16,16000] 2500 loops 50000 allocs 5000 ops: .... 41662411 memory ops/CPU second (peak 119MiB)
jemalloc       2 threads random linear size [16,16000] 2500 loops 50000 allocs 5000 ops: ........ 37750118 memory ops/CPU second (peak 245MiB)
jemalloc       4 threads random linear size [16,16000] 2500 loops 50000 allocs 5000 ops: ................ 35035106 memory ops/CPU second (peak 492MiB)
jemalloc       8 threads random linear size [16,16000] 2500 loops 50000 allocs 5000 ops: ................................ 27272456 memory ops/CPU second (peak 1022MiB)
jemalloc      16 threads random linear size [16,16000] 2500 loops 50000 allocs 5000 ops: ................................................................ 18545045 memory ops/CPU second (peak 2071MiB)
tcmalloc       1 threads random linear size [16,16000] 2500 loops 50000 allocs 5000 ops: .... 127426742 memory ops/CPU second (peak 120MiB)
tcmalloc       2 threads random linear size [16,16000] 2500 loops 50000 allocs 5000 ops: ........ 112466175 memory ops/CPU second (peak 237MiB)
tcmalloc       4 threads random linear size [16,16000] 2500 loops 50000 allocs 5000 ops: ................ 69919384 memory ops/CPU second (peak 460MiB)
tcmalloc       8 threads random linear size [16,16000] 2500 loops 50000 allocs 5000 ops: ................................ 26689587 memory ops/CPU second (peak 872MiB)
tcmalloc      16 threads random linear size [16,16000] 2500 loops 50000 allocs 5000 ops: ................................................................ 11041932 memory ops/CPU second (peak 1675MiB)
mimalloc       1 threads random linear size [16,16000] 2500 loops 50000 allocs 5000 ops: .... 62021224 memory ops/CPU second (peak 152MiB)
mimalloc       2 threads random linear size [16,16000] 2500 loops 50000 allocs 5000 ops: ........ 51593543 memory ops/CPU second (peak 288MiB)
mimalloc       4 threads random linear size [16,16000] 2500 loops 50000 allocs 5000 ops: ................ 42861843 memory ops/CPU second (peak 545MiB)
mimalloc       8 threads random linear size [16,16000] 2500 loops 50000 allocs 5000 ops: ................................ 25544292 memory ops/CPU second (peak 1026MiB)
mimalloc      16 threads random linear size [16,16000] 2500 loops 50000 allocs 5000 ops: ................................................................ 15173789 memory ops/CPU second (peak 1954MiB)
snmalloc       1 threads random linear size [16,16000] 2500 loops 50000 allocs 5000 ops: .... 55121217 memory ops/CPU second (peak 127MiB)
snmalloc       2 threads random linear size [16,16000] 2500 loops 50000 allocs 5000 ops: ........ 48662475 memory ops/CPU second (peak 279MiB)
snmalloc       4 threads random linear size [16,16000] 2500 loops 50000 allocs 5000 ops: ................ 40184623 memory ops/CPU second (peak 512MiB)
snmalloc       8 threads random linear size [16,16000] 2500 loops 50000 allocs 5000 ops: ................................ 34078789 memory ops/CPU second (peak 1024MiB)
snmalloc      16 threads random linear size [16,16000] 2500 loops 50000 allocs 5000 ops: ................................................................ 24157357 memory ops/CPU second (peak 2082MiB)
rpmalloc       1 threads random linear size [16,16000] 2500 loops 50000 allocs 5000 ops: .... 72398788 memory ops/CPU second (peak 120MiB)
rpmalloc       2 threads random linear size [16,16000] 2500 loops 50000 allocs 5000 ops: ........ 68918790 memory ops/CPU second (peak 244MiB)
rpmalloc       4 threads random linear size [16,16000] 2500 loops 50000 allocs 5000 ops: ................ 60614899 memory ops/CPU second (peak 488MiB)
rpmalloc       8 threads random linear size [16,16000] 2500 loops 50000 allocs 5000 ops: ................................ 48139777 memory ops/CPU second (peak 993MiB)
rpmalloc      16 threads random linear size [16,16000] 2500 loops 50000 allocs 5000 ops: ................................................................ 33236189 memory ops/CPU second (peak 2084MiB)
qen            1 threads random linear size [16,16000] 2500 loops 50000 allocs 5000 ops: .... 62668020 memory ops/CPU second (peak 115MiB)
qen            2 threads random linear size [16,16000] 2500 loops 50000 allocs 5000 ops: ........ 49479437 memory ops/CPU second (peak 229MiB)
qen            4 threads random linear size [16,16000] 2500 loops 50000 allocs 5000 ops: ................ 39806685 memory ops/CPU second (peak 450MiB)
qen            8 threads random linear size [16,16000] 2500 loops 50000 allocs 5000 ops: ................................ 20526164 memory ops/CPU second (peak 875MiB)
qen           16 threads random linear size [16,16000] 2500 loops 50000 allocs 5000 ops: ................................................................ 9897725 memory ops/CPU second (peak 1712MiB)
=== scenario 4: random exp [128,64000] ===
crt            1 threads random exp size [128,64000] 2500 loops 30000 allocs 3000 ops: .... 17244629 memory ops/CPU second (peak 586MiB)
crt            2 threads random exp size [128,64000] 2500 loops 30000 allocs 3000 ops: ........ 13300061 memory ops/CPU second (peak 981MiB)
crt            4 threads random exp size [128,64000] 2500 loops 30000 allocs 3000 ops: ................ 9753348 memory ops/CPU second (peak 1340MiB)
crt            8 threads random exp size [128,64000] 2500 loops 30000 allocs 3000 ops: ................................ 5084364 memory ops/CPU second (peak 2198MiB)
crt           16 threads random exp size [128,64000] 2500 loops 30000 allocs 3000 ops: ................................................................ 2293533 memory ops/CPU second (peak 3898MiB)
jemalloc       1 threads random exp size [128,64000] 2500 loops 30000 allocs 3000 ops: .... 27278810 memory ops/CPU second (peak 213MiB)
jemalloc       2 threads random exp size [128,64000] 2500 loops 30000 allocs 3000 ops: ........ 25017196 memory ops/CPU second (peak 481MiB)
jemalloc       4 threads random exp size [128,64000] 2500 loops 30000 allocs 3000 ops: ................ 22729141 memory ops/CPU second (peak 958MiB)
jemalloc       8 threads random exp size [128,64000] 2500 loops 30000 allocs 3000 ops: ................................ 17825799 memory ops/CPU second (peak 2032MiB)
jemalloc      16 threads random exp size [128,64000] 2500 loops 30000 allocs 3000 ops: ................................................................ 11549195 memory ops/CPU second (peak 4190MiB)
tcmalloc       1 threads random exp size [128,64000] 2500 loops 30000 allocs 3000 ops: .... 111792315 memory ops/CPU second (peak 199MiB)
tcmalloc       2 threads random exp size [128,64000] 2500 loops 30000 allocs 3000 ops: ........ 69029656 memory ops/CPU second (peak 409MiB)
tcmalloc       4 threads random exp size [128,64000] 2500 loops 30000 allocs 3000 ops: ................ 31726247 memory ops/CPU second (peak 797MiB)
tcmalloc       8 threads random exp size [128,64000] 2500 loops 30000 allocs 3000 ops: ................................ 13725120 memory ops/CPU second (peak 1470MiB)
tcmalloc      16 threads random exp size [128,64000] 2500 loops 30000 allocs 3000 ops: ................................................................ 5256364 memory ops/CPU second (peak 2844MiB)
mimalloc       1 threads random exp size [128,64000] 2500 loops 30000 allocs 3000 ops: .... 51946384 memory ops/CPU second (peak 254MiB)
mimalloc       2 threads random exp size [128,64000] 2500 loops 30000 allocs 3000 ops: ........ 44173846 memory ops/CPU second (peak 448MiB)
mimalloc       4 threads random exp size [128,64000] 2500 loops 30000 allocs 3000 ops: ................ 36447839 memory ops/CPU second (peak 865MiB)
mimalloc       8 threads random exp size [128,64000] 2500 loops 30000 allocs 3000 ops: ................................ 21889423 memory ops/CPU second (peak 1697MiB)
mimalloc      16 threads random exp size [128,64000] 2500 loops 30000 allocs 3000 ops: ................................................................ 12668917 memory ops/CPU second (peak 3295MiB)
snmalloc       1 threads random exp size [128,64000] 2500 loops 30000 allocs 3000 ops: .... 46369880 memory ops/CPU second (peak 207MiB)
snmalloc       2 threads random exp size [128,64000] 2500 loops 30000 allocs 3000 ops: ........ 38349415 memory ops/CPU second (peak 432MiB)
snmalloc       4 threads random exp size [128,64000] 2500 loops 30000 allocs 3000 ops: ................ 30317150 memory ops/CPU second (peak 864MiB)
snmalloc       8 threads random exp size [128,64000] 2500 loops 30000 allocs 3000 ops: ................................ 25500901 memory ops/CPU second (peak 1713MiB)
snmalloc      16 threads random exp size [128,64000] 2500 loops 30000 allocs 3000 ops: ................................................................ 17437550 memory ops/CPU second (peak 3516MiB)
rpmalloc       1 threads random exp size [128,64000] 2500 loops 30000 allocs 3000 ops: .... 59847271 memory ops/CPU second (peak 205MiB)
rpmalloc       2 threads random exp size [128,64000] 2500 loops 30000 allocs 3000 ops: ........ 62205556 memory ops/CPU second (peak 457MiB)
rpmalloc       4 threads random exp size [128,64000] 2500 loops 30000 allocs 3000 ops: ................ 52988209 memory ops/CPU second (peak 885MiB)
rpmalloc       8 threads random exp size [128,64000] 2500 loops 30000 allocs 3000 ops: ................................ 39454099 memory ops/CPU second (peak 1771MiB)
rpmalloc      16 threads random exp size [128,64000] 2500 loops 30000 allocs 3000 ops: ................................................................ 24799011 memory ops/CPU second (peak 3715MiB)
qen            1 threads random exp size [128,64000] 2500 loops 30000 allocs 3000 ops: .... 46404341 memory ops/CPU second (peak 216MiB)
qen            2 threads random exp size [128,64000] 2500 loops 30000 allocs 3000 ops: ........ 36998695 memory ops/CPU second (peak 436MiB)
qen            4 threads random exp size [128,64000] 2500 loops 30000 allocs 3000 ops: ................ 29704822 memory ops/CPU second (peak 842MiB)
qen            8 threads random exp size [128,64000] 2500 loops 30000 allocs 3000 ops: ................................ 14626021 memory ops/CPU second (peak 1587MiB)
qen           16 threads random exp size [128,64000] 2500 loops 30000 allocs 3000 ops: ................................................................ 7363413 memory ops/CPU second (peak 3268MiB)
=== scenario 5: random exp [512,160000] ===
crt            1 threads random exp size [512,160000] 2500 loops 20000 allocs 2000 ops: .... 11815267 memory ops/CPU second (peak 1403MiB)
crt            2 threads random exp size [512,160000] 2500 loops 20000 allocs 2000 ops: ........ 8592049 memory ops/CPU second (peak 2415MiB)
crt            4 threads random exp size [512,160000] 2500 loops 20000 allocs 2000 ops: ................ 3876436 memory ops/CPU second (peak 2979MiB)
crt            8 threads random exp size [512,160000] 2500 loops 20000 allocs 2000 ops: ................................ 2565662 memory ops/CPU second (peak 4535MiB)
crt           16 threads random exp size [512,160000] 2500 loops 20000 allocs 2000 ops: ................................................................ 1892229 memory ops/CPU second (peak 7171MiB)
jemalloc       1 threads random exp size [512,160000] 2500 loops 20000 allocs 2000 ops: .... 15456778 memory ops/CPU second (peak 361MiB)
jemalloc       2 threads random exp size [512,160000] 2500 loops 20000 allocs 2000 ops: ........ 14234134 memory ops/CPU second (peak 844MiB)
jemalloc       4 threads random exp size [512,160000] 2500 loops 20000 allocs 2000 ops: ................ 12880219 memory ops/CPU second (peak 1770MiB)
jemalloc       8 threads random exp size [512,160000] 2500 loops 20000 allocs 2000 ops: ................................ 9774331 memory ops/CPU second (peak 3587MiB)
jemalloc      16 threads random exp size [512,160000] 2500 loops 20000 allocs 2000 ops: ................................................................ 6033881 memory ops/CPU second (peak 7268MiB)
tcmalloc       1 threads random exp size [512,160000] 2500 loops 20000 allocs 2000 ops: .... 66104647 memory ops/CPU second (peak 329MiB)
tcmalloc       2 threads random exp size [512,160000] 2500 loops 20000 allocs 2000 ops: ........ 30803377 memory ops/CPU second (peak 726MiB)
tcmalloc       4 threads random exp size [512,160000] 2500 loops 20000 allocs 2000 ops: ................ 14679500 memory ops/CPU second (peak 1316MiB)
tcmalloc       8 threads random exp size [512,160000] 2500 loops 20000 allocs 2000 ops: ................................ 6445128 memory ops/CPU second (peak 2438MiB)
tcmalloc      16 threads random exp size [512,160000] 2500 loops 20000 allocs 2000 ops: ................................................................ 2667317 memory ops/CPU second (peak 4735MiB)
mimalloc       1 threads random exp size [512,160000] 2500 loops 20000 allocs 2000 ops: .... 41253404 memory ops/CPU second (peak 384MiB)
mimalloc       2 threads random exp size [512,160000] 2500 loops 20000 allocs 2000 ops: ........ 32557190 memory ops/CPU second (peak 737MiB)
mimalloc       4 threads random exp size [512,160000] 2500 loops 20000 allocs 2000 ops: ................ 21959124 memory ops/CPU second (peak 1440MiB)
mimalloc       8 threads random exp size [512,160000] 2500 loops 20000 allocs 2000 ops: ................................ 14017332 memory ops/CPU second (peak 2753MiB)
mimalloc      16 threads random exp size [512,160000] 2500 loops 20000 allocs 2000 ops: ................................................................ 9343170 memory ops/CPU second (peak 5251MiB)
snmalloc       1 threads random exp size [512,160000] 2500 loops 20000 allocs 2000 ops: .... 21394691 memory ops/CPU second (peak 383MiB)
snmalloc       2 threads random exp size [512,160000] 2500 loops 20000 allocs 2000 ops: ........ 18346204 memory ops/CPU second (peak 784MiB)
snmalloc       4 threads random exp size [512,160000] 2500 loops 20000 allocs 2000 ops: ................ 14998841 memory ops/CPU second (peak 1553MiB)
snmalloc       8 threads random exp size [512,160000] 2500 loops 20000 allocs 2000 ops: ................................ 12360479 memory ops/CPU second (peak 3106MiB)
snmalloc      16 threads random exp size [512,160000] 2500 loops 20000 allocs 2000 ops: ................................................................ 8531006 memory ops/CPU second (peak 6376MiB)
rpmalloc       1 threads random exp size [512,160000] 2500 loops 20000 allocs 2000 ops: .... 40861548 memory ops/CPU second (peak 343MiB)
rpmalloc       2 threads random exp size [512,160000] 2500 loops 20000 allocs 2000 ops: ........ 42244564 memory ops/CPU second (peak 727MiB)
rpmalloc       4 threads random exp size [512,160000] 2500 loops 20000 allocs 2000 ops: ................ 29522505 memory ops/CPU second (peak 1491MiB)
rpmalloc       8 threads random exp size [512,160000] 2500 loops 20000 allocs 2000 ops: ................................ 20686920 memory ops/CPU second (peak 2986MiB)
rpmalloc      16 threads random exp size [512,160000] 2500 loops 20000 allocs 2000 ops: ................................................................ 11197096 memory ops/CPU second (peak 6462MiB)
qen            1 threads random exp size [512,160000] 2500 loops 20000 allocs 2000 ops: .... 891503 memory ops/CPU second (peak 360MiB)
qen            2 threads random exp size [512,160000] 2500 loops 20000 allocs 2000 ops: ........ 169233 memory ops/CPU second (peak 722MiB)
qen            4 threads random exp size [512,160000] 2500 loops 20000 allocs 2000 ops: ................ 74121 memory ops/CPU second (peak 1372MiB)
qen            8 threads random exp size [512,160000] 2500 loops 20000 allocs 2000 ops: ................................ 34201 memory ops/CPU second (peak 2717MiB)
qen           16 threads random exp size [512,160000] 2500 loops 20000 allocs 2000 ops: ................................................................ 16170 memory ops/CPU second (peak 5611MiB)
=== all scenarios complete ===
